../Core/Src/main.c:86:6:SPI_Write	16	static
../Core/Src/main.c:97:6:SPI_Read	24	static
../Core/Src/main.c:108:6:LIS3DSH_Init	16	static
../Core/Src/main.c:114:6:LIS3DSH_WaitForDataAvail	16	static
../Core/Src/main.c:121:6:LIS3DSH_ReadData	24	static
../Core/Src/main.c:142:5:main	56	static
../Core/Src/main.c:203:6:SystemClock_Config	88	static
../Core/Src/main.c:250:13:MX_SPI1_Init	8	static
../Core/Src/main.c:288:13:MX_USART2_UART_Init	8	static
../Core/Src/main.c:321:13:MX_GPIO_Init	40	static
../Core/Src/main.c:367:6:HAL_GPIO_EXTI_Callback	16	static
../Core/Src/main.c:378:6:Error_Handler	4	static,ignoring_inline_asm
