../Core/Src/main.c:89:6:SPI_Write	1
../Core/Src/main.c:100:6:SPI_Read	1
../Core/Src/main.c:111:6:LIS3DSH_Init	1
../Core/Src/main.c:117:6:LIS3DSH_WaitForDataAvail	2
../Core/Src/main.c:124:6:LIS3DSH_ReadData	1
../Core/Src/main.c:145:5:main	2
../Core/Src/main.c:216:6:SystemClock_Config	3
../Core/Src/main.c:263:13:MX_DAC_Init	3
../Core/Src/main.c:303:13:MX_SPI1_Init	2
../Core/Src/main.c:341:13:MX_USART2_UART_Init	2
../Core/Src/main.c:374:13:MX_GPIO_Init	1
../Core/Src/main.c:420:6:HAL_GPIO_EXTI_Callback	1
../Core/Src/main.c:431:6:Error_Handler	1
