../Core/Src/main.c:86:6:SPI_Write	1
../Core/Src/main.c:97:6:SPI_Read	1
../Core/Src/main.c:108:6:LIS3DSH_Init	1
../Core/Src/main.c:114:6:LIS3DSH_WaitForDataAvail	2
../Core/Src/main.c:121:6:LIS3DSH_ReadData	1
../Core/Src/main.c:142:5:main	2
../Core/Src/main.c:203:6:SystemClock_Config	3
../Core/Src/main.c:250:13:MX_SPI1_Init	2
../Core/Src/main.c:288:13:MX_USART2_UART_Init	2
../Core/Src/main.c:321:13:MX_GPIO_Init	1
../Core/Src/main.c:367:6:HAL_GPIO_EXTI_Callback	1
../Core/Src/main.c:378:6:Error_Handler	1
